// Jest Snapshot v1, https://goo.gl/fbAQLP

exports[`Component should render text if prop is true 1`] = `
<div>
  Hello World!
</div>
`;
